AR mouse behavioral C:/Users/richardrubert/Desktop/Command/Command/mouse.vhd sub00/vhpl13 1544730022
EN bomb NULL C:/Users/richardrubert/Desktop/Command/Command/Bomb.vhd sub00/vhpl08 1544730017
AR commandtop behavioral C:/Users/richardrubert/Desktop/Command/Command/CommandTop.vhd sub00/vhpl15 1544730024
EN pixdec NULL C:/Users/richardrubert/Desktop/Command/Command/PixDec.vhd sub00/vhpl06 1544730015
EN frbuf NULL C:/Users/richardrubert/Desktop/Command/Command/FrBuf.vhd sub00/vhpl04 1544730013
EN vga NULL C:/Users/richardrubert/Desktop/Command/Command/vga.vhd sub00/vhpl00 1544730009
AR frbuf behavioral C:/Users/richardrubert/Desktop/Command/Command/FrBuf.vhd sub00/vhpl05 1544730014
EN mouse NULL C:/Users/richardrubert/Desktop/Command/Command/mouse.vhd sub00/vhpl12 1544730021
AR vga behavioral C:/Users/richardrubert/Desktop/Command/Command/vga.vhd sub00/vhpl01 1544730010
AR pixdec behavioral C:/Users/richardrubert/Desktop/Command/Command/PixDec.vhd sub00/vhpl07 1544730016
AR clock_ctrl behavioral C:/Users/richardrubert/Desktop/Command/Command/clock_ctrl.vhd sub00/vhpl03 1544730012
AR ps2 behavioral C:/Users/richardrubert/Desktop/Command/Command/ps2.vhd sub00/vhpl11 1544730020
EN ps2 NULL C:/Users/richardrubert/Desktop/Command/Command/ps2.vhd sub00/vhpl10 1544730019
EN clock_ctrl NULL C:/Users/richardrubert/Desktop/Command/Command/clock_ctrl.vhd sub00/vhpl02 1544730011
AR bomb behavioral C:/Users/richardrubert/Desktop/Command/Command/Bomb.vhd sub00/vhpl09 1544730018
EN commandtop NULL C:/Users/richardrubert/Desktop/Command/Command/CommandTop.vhd sub00/vhpl14 1544730023
