V3 51
FL C:/Users/richardrubert/Desktop/Command/Command/Bomb.vhd 2018/12/13.12:37:27 P.20131013
EN work/Bomb 1544730017 \
      FL C:/Users/richardrubert/Desktop/Command/Command/Bomb.vhd \
      PB ieee/std_logic_1164 1381692176 PB ieee/NUMERIC_STD 1381692181
AR work/Bomb/Behavioral 1544730018 \
      FL C:/Users/richardrubert/Desktop/Command/Command/Bomb.vhd EN work/Bomb 1544730017
FL C:/Users/richardrubert/Desktop/Command/Command/clock_ctrl.vhd 2018/10/16.10:17:28 P.20131013
EN work/clock_ctrl 1544730011 \
      FL C:/Users/richardrubert/Desktop/Command/Command/clock_ctrl.vhd \
      PB ieee/std_logic_1164 1381692176 LB UNISIM PH unisim/VCOMPONENTS 1381692182
AR work/clock_ctrl/Behavioral 1544730012 \
      FL C:/Users/richardrubert/Desktop/Command/Command/clock_ctrl.vhd \
      EN work/clock_ctrl 1544730011 CP IBUFG CP DCM_SP CP BUFG
FL C:/Users/richardrubert/Desktop/Command/Command/CommandTop.vhd 2018/12/07.18:53:04 P.20131013
EN work/CommandTop 1544730023 \
      FL C:/Users/richardrubert/Desktop/Command/Command/CommandTop.vhd \
      PB ieee/std_logic_1164 1381692176 PB ieee/NUMERIC_STD 1381692181
AR work/CommandTop/Behavioral 1544730024 \
      FL C:/Users/richardrubert/Desktop/Command/Command/CommandTop.vhd \
      EN work/CommandTop 1544730023 CP vga CP clock_ctrl CP FrBuf CP PixDec CP Bomb \
      CP ps2 CP mouse
FL C:/Users/richardrubert/Desktop/Command/Command/FrBuf.vhd 2018/10/16.19:11:06 P.20131013
EN work/FrBuf 1544730013 \
      FL C:/Users/richardrubert/Desktop/Command/Command/FrBuf.vhd \
      PB ieee/std_logic_1164 1381692176 PB ieee/NUMERIC_STD 1381692181
AR work/FrBuf/Behavioral 1544730014 \
      FL C:/Users/richardrubert/Desktop/Command/Command/FrBuf.vhd EN work/FrBuf 1544730013
FL C:/Users/richardrubert/Desktop/Command/Command/mouse.vhd 2018/09/26.09:46:34 P.20131013
EN work/mouse 1544730021 \
      FL C:/Users/richardrubert/Desktop/Command/Command/mouse.vhd \
      PB ieee/std_logic_1164 1381692176 PB ieee/NUMERIC_STD 1381692181
AR work/mouse/Behavioral 1544730022 \
      FL C:/Users/richardrubert/Desktop/Command/Command/mouse.vhd EN work/mouse 1544730021
FL C:/Users/richardrubert/Desktop/Command/Command/PixDec.vhd 2018/12/13.12:40:06 P.20131013
EN work/PixDec 1544730015 \
      FL C:/Users/richardrubert/Desktop/Command/Command/PixDec.vhd \
      PB ieee/std_logic_1164 1381692176 PB ieee/NUMERIC_STD 1381692181
AR work/PixDec/Behavioral 1544730016 \
      FL C:/Users/richardrubert/Desktop/Command/Command/PixDec.vhd EN work/PixDec 1544730015
FL C:/Users/richardrubert/Desktop/Command/Command/ps2.vhd 2018/11/27.15:52:36 P.20131013
EN work/ps2 1544730019 FL C:/Users/richardrubert/Desktop/Command/Command/ps2.vhd \
      PB ieee/std_logic_1164 1381692176
AR work/ps2/Behavioral 1544730020 \
      FL C:/Users/richardrubert/Desktop/Command/Command/ps2.vhd EN work/ps2 1544730019
FL C:/Users/richardrubert/Desktop/Command/Command/vga.vhd 2018/11/27.15:48:04 P.20131013
EN work/vga 1544730009 FL C:/Users/richardrubert/Desktop/Command/Command/vga.vhd \
      PB ieee/std_logic_1164 1381692176 PB ieee/NUMERIC_STD 1381692181
AR work/vga/Behavioral 1544730010 \
      FL C:/Users/richardrubert/Desktop/Command/Command/vga.vhd EN work/vga 1544730009
FL C:/Users/seanduback/Desktop/Command/Command/Bomb.vhd 2018/12/07.20:16:12 P.20131013
FL C:/Users/seanduback/Desktop/Command/Command/clock_ctrl.vhd 2018/10/16.10:17:28 P.20131013
FL C:/Users/seanduback/Desktop/Command/Command/CommandTop.vhd 2018/12/07.18:53:02 P.20131013
FL C:/Users/seanduback/Desktop/Command/Command/FrBuf.vhd 2018/10/16.19:11:06 P.20131013
FL C:/Users/seanduback/Desktop/Command/Command/mouse.vhd 2018/09/26.09:46:34 P.20131013
FL C:/Users/seanduback/Desktop/Command/Command/PixDec.vhd 2018/12/07.20:02:09 P.20131013
FL C:/Users/seanduback/Desktop/Command/Command/ps2.vhd 2018/11/27.15:52:36 P.20131013
FL C:/Users/seanduback/Desktop/Command/Command/vga.vhd 2018/11/27.15:48:04 P.20131013
FL E:/Command/Command/Bomb.vhd 2018/11/01.16:30:32 P.20131013
FL E:/Command/Command/clock_ctrl.vhd 2018/10/16.10:17:28 P.20131013
FL E:/Command/Command/CommandTop.vhd 2018/11/27.19:18:54 P.20131013
FL E:/Command/Command/FrBuf.vhd 2018/10/16.19:11:06 P.20131013
FL E:/Command/Command/mouse.vhd 2018/09/26.09:46:34 P.20131013
FL E:/Command/Command/PixDec.vhd 2018/11/27.19:38:22 P.20131013
FL E:/Command/Command/ps2.vhd 2018/11/27.15:52:36 P.20131013
FL E:/Command/Command/vga.vhd 2018/11/27.15:48:04 P.20131013
